{
  "errors": [],
  "checks": [
    "home-title:true",
    "home-no-schematic:true",
    "home-actions:true",
    "class-cards:true",
    "hero-no-schematic:true",
    "kingdom-pads:true",
    "adventure-painted:true",
    "army-still:true",
    "forge-slots:true",
    "defense-painted:true",
    "tactical-painted:true",
    "retreat-inert:true",
    "retreat-tab:true",
    "retreat-shift-tab:true",
    "retreat-escape:true",
    "portrait-rotate:true"
  ],
  "shots": 17,
  "log": "Reborn local preview: http://127.0.0.1:4362"
}
