[
  {
    "width": 825,
    "height": 375,
    "hero": {
      "card": {
        "x": 53.67441940307617,
        "y": 80.98982238769531,
        "right": 263.34011459350586,
        "bottom": 290.655517578125
      },
      "stage": {
        "x": 0,
        "y": 56,
        "right": 825,
        "bottom": 319
      },
      "panelLeft": 577,
      "insideStage": true,
      "clearOfPanel": true
    },
    "plotCount": 18,
    "shortTargets": [],
    "clipped": [],
    "wrongCenterPicks": [],
    "errors": []
  },
  {
    "width": 933,
    "height": 424,
    "hero": {
      "card": {
        "x": 63.72093200683594,
        "y": 85.55377960205078,
        "right": 312.6308288574219,
        "bottom": 334.4636917114258
      },
      "stage": {
        "x": 0,
        "y": 56,
        "right": 933,
        "bottom": 368
      },
      "panelLeft": 685,
      "insideStage": true,
      "clearOfPanel": true
    },
    "plotCount": 18,
    "shortTargets": [],
    "clipped": [],
    "wrongCenterPicks": [],
    "errors": []
  },
  {
    "width": 1180,
    "height": 820,
    "hero": {
      "card": {
        "x": 30.666671752929688,
        "y": 142.44444274902344,
        "right": 419.5555877685547,
        "bottom": 531.3333587646484
      },
      "stage": {
        "x": 0,
        "y": 56,
        "right": 1180,
        "bottom": 764
      },
      "panelLeft": 892,
      "insideStage": true,
      "clearOfPanel": true
    },
    "plotCount": 18,
    "shortTargets": [],
    "clipped": [],
    "wrongCenterPicks": [],
    "errors": []
  },
  {
    "width": 1280,
    "height": 720,
    "hero": {
      "card": {
        "x": 73.25,
        "y": 87.66667175292969,
        "right": 469.0833435058594,
        "bottom": 483.49998474121094
      },
      "stage": {
        "x": 0,
        "y": 56,
        "right": 1280,
        "bottom": 664
      },
      "panelLeft": 992,
      "insideStage": true,
      "clearOfPanel": true
    },
    "plotCount": 18,
    "shortTargets": [],
    "clipped": [],
    "wrongCenterPicks": [],
    "errors": []
  }
]
