{
  "errors": [
    "retreat-modal-background-inert {\"panelFocus\":{\"choice\":\"move:1,4\",\"inside\":false},\"panelActionsBefore\":8,\"panelActionsAfter\":9}"
  ],
  "checks": [
    {
      "id": "kingdom-player-text",
      "pass": true
    },
    {
      "id": "tactical-label-screen-space",
      "pass": true
    },
    {
      "id": "held-pointer-across-redraw",
      "pass": true
    },
    {
      "id": "map-handlers-not-bound-to-replaced-nodes",
      "pass": true
    },
    {
      "id": "map-one-move-after-frames",
      "pass": true
    },
    {
      "id": "map-ignores-closed-cell",
      "pass": true
    },
    {
      "id": "keyboard-move",
      "pass": true
    },
    {
      "id": "retreat-open-spends-nothing",
      "pass": true
    },
    {
      "id": "retreat-escape-no-spend",
      "pass": true
    },
    {
      "id": "retreat-modal-background-inert",
      "pass": false
    },
    {
      "id": "retreat-cancel-spends-nothing",
      "pass": true
    },
    {
      "id": "retreat-confirm-once",
      "pass": true
    },
    {
      "id": "portrait-return-keeps-campaign",
      "pass": true
    },
    {
      "id": "map-reduced-motion",
      "pass": true
    },
    {
      "id": "map-touch-one-move",
      "pass": true
    },
    {
      "id": "map-after-resize",
      "pass": true
    },
    {
      "id": "forge-delta-825x375",
      "pass": true
    },
    {
      "id": "forge-delta-933x424",
      "pass": true
    },
    {
      "id": "forge-delta-1180x820",
      "pass": true
    },
    {
      "id": "forge-delta-1280x720",
      "pass": true
    }
  ]
}
