{
  "python": "3.13.7",
  "bindings": 172,
  "bindingFailures": [
    {
      "path": "qa/recovery-executor-20261003/guides/kingdom-stone-day1-composition-v4-guide.png",
      "expected": "609d3195018ccf448f339f79e45fe90b9e5adfb2859674e40383144d2106f848",
      "exists": false
    },
    {
      "path": "qa/recovery-executor-20261003/guides/kingdom-stone-day1-composition-v5-guide.png",
      "expected": "673492a6a1c6780eb77d9b0b24f7eefe30a98dc119c7fbee9e3edef088b8c1ff",
      "exists": false
    }
  ],
  "semanticsRows": 78,
  "classChains": 8,
  "readySourceGateUnverified": [
    "troop-bronze-melee",
    "troop-bronze-ranged",
    "troop-iron-ranged",
    "troop-iron-heavy",
    "troop-gunpowder-melee",
    "troop-gunpowder-ranged",
    "troop-modern-melee",
    "troop-future-melee",
    "troop-stone-heavy",
    "ranger-sleeve-to-open-hand",
    "healer-boot",
    "healer-leg-greave",
    "healer-greave-boot",
    "paladin-knee-greave"
  ],
  "limits": "Bindings/overlap reproduction do not prove anatomy, full rigs, painted geography, native or owner acceptance."
}
joint metric mismatches 0
